// Jest Snapshot v1, https://jestjs.io/docs/snapshot-testing

exports[`SignUpForm Component відповідає snapshot 1`] = `"<div class="min-h-screen bg-gradient-to-br from-blue-50 to-indigo-100 flex items-center justify-center px-4 py-8"><div class="max-w-md w-full space-y-8"><div class="bg-white rounded-2xl shadow-xl p-8"><div class="text-center mb-8"><h2 class="text-3xl font-bold text-gray-900">Створіть акаунт</h2><p class="mt-2 text-gray-600">Заповніть форму для реєстрації</p></div><form class="space-y-6"><div class="grid grid-cols-2 gap-4"><div><label for="firstName" class="block text-sm font-medium text-gray-700 mb-1">Ім&#x27;я</label><input id="firstName" type="text" required="" class="w-full px-4 py-3 border border-gray-300 rounded-lg focus:ring-2 focus:ring-blue-500 focus:border-transparent transition-all" placeholder="Введіть ім&#x27;я" name="firstName" value=""/></div><div><label for="lastName" class="block text-sm font-medium text-gray-700 mb-1">Прізвище</label><input id="lastName" type="text" required="" class="w-full px-4 py-3 border border-gray-300 rounded-lg focus:ring-2 focus:ring-blue-500 focus:border-transparent transition-all" placeholder="Введіть прізвище" name="lastName" value=""/></div></div><div><label for="email" class="block text-sm font-medium text-gray-700 mb-1">Email</label><input id="email" type="email" required="" class="w-full px-4 py-3 border border-gray-300 rounded-lg focus:ring-2 focus:ring-blue-500 focus:border-transparent transition-all" placeholder="your@email.com" name="email" value=""/></div><div><label for="password" class="block text-sm font-medium text-gray-700 mb-1">Пароль</label><input id="password" type="password" required="" minLength="6" class="w-full px-4 py-3 border border-gray-300 rounded-lg focus:ring-2 focus:ring-blue-500 focus:border-transparent transition-all" placeholder="Мінімум 6 символів" name="password" value=""/></div><div><label for="confirmPassword" class="block text-sm font-medium text-gray-700 mb-1">Підтвердіть пароль</label><input id="confirmPassword" type="password" required="" class="w-full px-4 py-3 border border-gray-300 rounded-lg focus:ring-2 focus:ring-blue-500 focus:border-transparent transition-all" placeholder="Повторіть пароль" name="confirmPassword" value=""/></div><button type="submit" class="w-full bg-gradient-to-r from-blue-600 to-indigo-600 text-white py-3 px-4 rounded-lg font-semibold hover:from-blue-700 hover:to-indigo-700 transform hover:-translate-y-0.5 transition-all duration-200 shadow-lg hover:shadow-xl disabled:opacity-50 disabled:cursor-not-allowed">Зареєструватись</button><div class="text-center"><p class="text-gray-600">Вже маєте акаунт?<!-- --> <a class="text-blue-600 hover:text-blue-500 font-medium" href="/signin">Увійти</a></p></div></form></div></div></div>"`;
